// Jest Snapshot v1, https://goo.gl/fbAQLP

exports[`App matches snapshot 1`] = `
<DocumentFragment>
  <div
    class="app"
  >
    <header
      class="app__header"
    >
      <h1
        class="app__heading"
      >
        Rick and Morty
      </h1>
      <p
        class="app__tagline"
      >
        "I'm a scientist because I invent, transform, create, and destroy for
          a living, and when I don't like something about the world, I change
          it."
      </p>
    </header>
    <main
      class="app__main"
    >
      <div
        class="controls"
      >
        <div
          class="controls__panel left"
        >
          <fieldset
            class="status-filter"
          >
            <legend>
              Status: all
            </legend>
            <div
              class="status-filter__inputs"
            >
              <label
                class="status-filter__label"
                for="alive"
              >
                alive
                <input
                  class="status-filter__input"
                  id="alive"
                  name="status"
                  type="radio"
                  value="alive"
                />
              </label>
              <label
                class="status-filter__label"
                for="dead"
              >
                dead
                <input
                  class="status-filter__input"
                  id="dead"
                  name="status"
                  type="radio"
                  value="dead"
                />
              </label>
              <label
                class="status-filter__label"
                for="all"
              >
                all
                <input
                  checked=""
                  class="status-filter__input"
                  id="all"
                  name="status"
                  type="radio"
                  value="all"
                />
              </label>
            </div>
          </fieldset>
        </div>
        <div
          class="controls__panel right"
        >
          <div
            class="page-counter"
          >
            <label
              for="page"
            >
              Page
            </label>
            <div
              class="page-counter__input-wrap"
            >
              <button
                class="page-counter__button page-counter__button--dec "
                disabled=""
                type="button"
                value="-1"
              >
                -
              </button>
              <button
                class="page-counter__button page-counter__button--inc"
                type="button"
                value="1"
              >
                +
              </button>
              <input
                class="page-counter__input"
                id="page"
                type="number"
                value="1"
              />
            </div>
          </div>
        </div>
      </div>
    </main>
  </div>
</DocumentFragment>
`;
