// Jest Snapshot v1, https://goo.gl/fbAQLP

exports[`App matches snapshot 1`] = `
<DocumentFragment>
  <div
    class="app"
  >
    <header
      class="app__header"
    >
      <h1
        class="app__heading"
      >
        Rick and Morty
      </h1>
      <p
        class="app__tagline"
      >
        "I'm a scientist because I invent, transform, create, and destroy for
          a living, and when I don't like something about the world, I change
          it."
      </p>
    </header>
    <main
      class="app__main"
    >
      Test
    </main>
  </div>
</DocumentFragment>
`;
